// Jest Snapshot v1, https://goo.gl/fbAQLP

exports[`<HomePage /> should render correctly 1`] = `
<div>
  Going to not found in 3 sec
</div>
`;
